<html>
<body>
<pre>
<h1>µVision Build Log</h1>
<h2>Tool Versions:</h2>
IDE-Version: ¦ÌVision V5.38.0.0
Copyright (C) 2022 ARM Ltd and ARM Germany GmbH. All rights reserved.
License Information: lenovo lenovo, lenovo, LIC=TIVNB-2VU8U-RAWDM-X429G-SW4ZW-LM22J
 
Tool Versions:
Toolchain:       MDK-ARM Plus  Version: 5.38.0.0
Toolchain Path:  E:\Keil_v5\ARM\ARMCLANG\Bin
C Compiler:      ArmClang.exe V6.19
Assembler:       Armasm.exe V6.19
Linker/Locator:  ArmLink.exe V6.19
Library Manager: ArmAr.exe V6.19
Hex Converter:   FromElf.exe V6.19
CPU DLL:         SARMCM3.DLL V5.38.0.0
Dialog DLL:      DCM.DLL V1.17.5.0
Target DLL:      CMSIS_AGDI.dll V1.33.15.0
Dialog DLL:      TCM.DLL V1.56.4.0
 
<h2>Project:</h2>
D:\Desktop\U8g2_GD32F470\Project\GD32F450.uvprojx
Project File Date:  08/17/2023

<h2>Output:</h2>
*** Using Compiler 'V6.19', folder: 'E:\Keil_v5\ARM\ARMCLANG\Bin'
Rebuild target 'Target 1'
compiling gd32f4xx_it.c...
compiling main.c...
compiling systick.c...
compiling gd32f4xx_adc.c...
compiling gd32f4xx_can.c...
compiling gd32f4xx_crc.c...
compiling gd32f4xx_ctc.c...
compiling gd32f4xx_dac.c...
compiling gd32f4xx_dbg.c...
compiling gd32f4xx_dci.c...
compiling gd32f4xx_dma.c...
compiling gd32f4xx_enet.c...
compiling gd32f4xx_exmc.c...
compiling gd32f4xx_exti.c...
compiling gd32f4xx_fmc.c...
compiling gd32f4xx_fwdgt.c...
compiling gd32f4xx_gpio.c...
compiling gd32f4xx_i2c.c...
compiling gd32f4xx_ipa.c...
compiling gd32f4xx_iref.c...
compiling gd32f4xx_misc.c...
compiling gd32f4xx_pmu.c...
compiling gd32f4xx_rcu.c...
compiling gd32f4xx_rtc.c...
compiling gd32f4xx_sdio.c...
compiling gd32f4xx_spi.c...
compiling gd32f4xx_syscfg.c...
compiling gd32f4xx_timer.c...
compiling gd32f4xx_tli.c...
compiling gd32f4xx_trng.c...
compiling gd32f4xx_usart.c...
compiling gd32f4xx_wwdgt.c...
assembling startup_gd32f450_470.s...
compiling system_gd32f4xx.c...
compiling bsp_iic.c...
compiling mui.c...
compiling mui_u8g2.c...
compiling u8g2_bitmap.c...
compiling u8g2_box.c...
compiling u8g2_buffer.c...
compiling u8g2_button.c...
compiling u8g2_circle.c...
compiling u8g2_cleardisplay.c...
compiling u8g2_d_memory.c...
compiling u8g2_d_setup.c...
compiling u8g2_font.c...
compiling u8g2_fonts.c...
compiling u8g2_gd32f470.c...
compiling u8g2_hvline.c...
compiling u8g2_input_value.c...
compiling u8g2_intersection.c...
compiling u8g2_kerning.c...
compiling u8g2_line.c...
compiling u8g2_ll_hvline.c...
compiling u8g2_message.c...
compiling u8g2_polygon.c...
compiling u8g2_selection_list.c...
compiling u8g2_setup.c...
compiling u8log.c...
compiling u8log_u8g2.c...
compiling u8log_u8x8.c...
compiling u8x8_8x8.c...
compiling u8x8_byte.c...
compiling u8x8_cad.c...
compiling u8x8_capture.c...
compiling u8x8_d_a2printer.c...
compiling u8x8_d_gp1247ai.c...
compiling u8x8_d_gp1287ai.c...
compiling u8x8_d_gp1294ai.c...
compiling u8x8_d_gu800.c...
compiling u8x8_d_hd44102.c...
compiling u8x8_d_il3820_296x128.c...
compiling u8x8_d_ist3020.c...
compiling u8x8_d_ist3088.c...
compiling u8x8_d_ist7920.c...
compiling u8x8_d_ks0108.c...
compiling u8x8_d_lc7981.c...
compiling u8x8_d_ld7032_60x32.c...
compiling u8x8_d_ls013b7dh03.c...
compiling u8x8_d_max7219.c...
compiling u8x8_d_pcd8544_84x48.c...
compiling u8x8_d_pcf8812.c...
compiling u8x8_d_pcf8814_hx1230.c...
compiling u8x8_d_s1d15e06.c...
compiling u8x8_d_s1d15300.c...
compiling u8x8_d_s1d15721.c...
compiling u8x8_d_sbn1661.c...
compiling u8x8_d_sed1330.c...
compiling u8x8_d_sh1106_64x32.c...
compiling u8x8_d_sh1106_72x40.c...
compiling u8x8_d_sh1107.c...
compiling u8x8_d_sh1108.c...
compiling u8x8_d_sh1122.c...
compiling u8x8_d_ssd1305.c...
compiling u8x8_d_ssd1306_48x64.c...
compiling u8x8_d_ssd1306_64x32.c...
compiling u8x8_d_ssd1306_64x48.c...
compiling u8x8_d_ssd1306_72x40.c...
compiling u8x8_d_ssd1306_96x16.c...
compiling u8x8_d_ssd1306_96x40.c...
compiling u8x8_d_ssd1306_128x32.c...
compiling u8x8_d_ssd1306_128x64_noname.c...
compiling u8x8_d_ssd1306_2040x16.c...
compiling u8x8_d_ssd1309.c...
compiling u8x8_d_ssd1316.c...
compiling u8x8_d_ssd1317.c...
compiling u8x8_d_ssd1318.c...
compiling u8x8_d_ssd1320.c...
compiling u8x8_d_ssd1322.c...
compiling u8x8_d_ssd1325.c...
compiling u8x8_d_ssd1326.c...
compiling u8x8_d_ssd1327.c...
compiling u8x8_d_ssd1329.c...
compiling u8x8_d_ssd1362.c...
compiling u8x8_d_ssd1606_172x72.c...
compiling u8x8_d_ssd1607_200x200.c...
compiling u8x8_d_st7511.c...
compiling u8x8_d_st7528.c...
compiling u8x8_d_st7539.c...
compiling u8x8_d_st7565.c...
compiling u8x8_d_st7567.c...
compiling u8x8_d_st7571.c...
compiling u8x8_d_st7586s_erc240160.c...
compiling u8x8_d_st7586s_jlx320160.c...
compiling u8x8_d_st7586s_jlx384160.c...
compiling u8x8_d_st7586s_s028hn118a.c...
compiling u8x8_d_st7586s_ymc240160.c...
compiling u8x8_d_st7588.c...
compiling u8x8_d_st7920.c...
compiling u8x8_d_st75160.c...
compiling u8x8_d_st75256.c...
compiling u8x8_d_st75320.c...
compiling u8x8_d_stdio.c...
compiling u8x8_d_t6963.c...
compiling u8x8_d_uc1601.c...
compiling u8x8_d_uc1604.c...
compiling u8x8_d_uc1608.c...
compiling u8x8_d_uc1609.c...
compiling u8x8_d_uc1610.c...
compiling u8x8_d_uc1611.c...
compiling u8x8_d_uc1617.c...
compiling u8x8_d_uc1638.c...
compiling u8x8_d_uc1701_dogs102.c...
compiling u8x8_d_uc1701_mini12864.c...
compiling u8x8_debounce.c...
compiling u8x8_display.c...
compiling u8x8_fonts.c...
compiling u8x8_gpio.c...
compiling u8x8_input_value.c...
compiling u8x8_message.c...
compiling u8x8_selection_list.c...
compiling u8x8_setup.c...
compiling u8x8_string.c...
compiling u8x8_u8toa.c...
compiling u8x8_u16toa.c...
linking...
Program Size: Code=10506 RO-data=10950 RW-data=4 ZI-data=2316  
FromELF: creating hex file...
".\Objects\GD32F450.axf" - 0 Error(s), 0 Warning(s).

<h2>Software Packages used:</h2>

Package Vendor: GigaDevice
                https://gd32mcu.com/data/documents/pack/GigaDevice.GD32F4xx_DFP.3.1.0.pack
                GigaDevice.GD32F4xx_DFP.3.1.0
                GigaDevice GD32F4xx Series Device Support and Examples

<h2>Collection of Component include folders:</h2>
  E:/Keil_v5/ARM/Packs/GigaDevice/GD32F4xx_DFP/3.1.0/Device/F4XX/Include

<h2>Collection of Component Files used:</h2>
Build Time Elapsed:  00:00:25
</pre>
</body>
</html>
